<html>
<body>
<pre>
<h1>µVision Build Log</h1>
<h2>Project:</h2>
C:\Users\Jun Dang\Downloads\TExaSware\Lab9_FunctionalDebugging\Lab9.uvproj
Project File Date:  03/10/2014

<h2>Output:</h2>
Build target 'Lab9'
linking...
Program Size: Code=3024 RO-data=2712 RW-data=76 ZI-data=1644  
".\Lab9.axf" - 0 Error(s), 0 Warning(s).
Load "C:\\Users\\Jun Dang\\Downloads\\TExaSware\\Lab9_FunctionalDebugging\\Lab9.axf" 
Connecting: Mode=JTAG, Speed=1000000Hz
Erase Done.
Programming Done.
Verify OK.
</pre>
</body>
</html>
last" was set but never used
  int main(void){  unsigned long i,last,now;
main.c(82): warning:  #177-D: variable "now" was declared but never referenced
  int main(void){  unsigned long i,last,now;
main.c: 3 warnings, 2 errors
".\Lab9.axf" - 2 Error(s), 3 Warning(s).
Target not created
