<html>
<body>
<pre>
<h1>µVision Build Log</h1>
<h2>Project:</h2>
C:\Users\Jun Dang\Downloads\TExaSware\Lab10_TrafficLight\Lab10.uvproj
Project File Date:  03/10/2014

<h2>Output:</h2>
Build target 'Lab10'
linking...
Program Size: Code=4108 RO-data=14692 RW-data=76 ZI-data=1756  
".\Lab10.axf" - 0 Error(s), 0 Warning(s).
Load "C:\\Users\\Jun Dang\\Downloads\\TExaSware\\Lab10_TrafficLight\\Lab10.axf" 
Connecting: Mode=JTAG, Speed=1000000Hz
Erase Done.
Programming Done.
Verify OK.
</pre>
</body>
</html>
- 1 Error(s), 0 Warning(s).
Target not created
