<html>
<body>
<pre>
<h1>µVision Build Log</h1>
<h2>Project:</h2>
C:\Users\Jun Dang\Downloads\TExaSware\Lab14_MeasurementOfDistance\Lab14.uvproj
Project File Date:  04/08/2014

<h2>Output:</h2>
Build target 'Lab14'
linking...
Program Size: Code=7440 RO-data=7568 RW-data=124 ZI-data=1764  
".\Lab14.axf" - 0 Error(s), 0 Warning(s).
Load "C:\\Users\\Jun Dang\\Downloads\\TExaSware\\Lab14_MeasurementOfDistance\\Lab14.axf" 
Connecting: Mode=JTAG, Speed=1000000Hz
Erase Done.
Programming Done.
Verify OK.
</pre>
</body>
</html>
